{
    "inline - assembly": {
        "content": [
            {
                "0": [
                    [
                        {
                            "id": "test",
                            "single_end": false
                        },
                        "test.bedpe:md5,ae7a65d0efada907de477d43afcf2f0d"
                    ]
                ],
                "1": [
                    [
                        {
                            "id": "test",
                            "single_end": false
                        },
                        "test.bed:md5,192aeedad96d028fc0f1e88099c95525"
                    ]
                ],
                "2": [
                    "versions.yml:md5,704c8164e659d86df96218632b156d7a"
                ],
                "bed": [
                    [
                        {
                            "id": "test",
                            "single_end": false
                        },
                        "test.bed:md5,192aeedad96d028fc0f1e88099c95525"
                    ]
                ],
                "bedpe": [
                    [
                        {
                            "id": "test",
                            "single_end": false
                        },
                        "test.bedpe:md5,ae7a65d0efada907de477d43afcf2f0d"
                    ]
                ],
                "versions": [
                    "versions.yml:md5,704c8164e659d86df96218632b156d7a"
                ]
            }
        ],
        "meta": {
            "nf-test": "0.9.2",
            "nextflow": "25.04.6"
        },
        "timestamp": "2025-07-21T16:04:57.123834"
    },
    "inline - assembly - single scaffold": {
        "content": [
            {
                "0": [
                    [
                        {
                            "id": "test",
                            "single_end": false
                        },
                        "test.bedpe:md5,511c63569e96a71cc3c14d13c7198f15"
                    ]
                ],
                "1": [
                    [
                        {
                            "id": "test",
                            "single_end": false
                        },
                        "test.bed:md5,ff0dc82bcd1f6e19089f1ab8a1a35a16"
                    ]
                ],
                "2": [
                    "versions.yml:md5,704c8164e659d86df96218632b156d7a"
                ],
                "bed": [
                    [
                        {
                            "id": "test",
                            "single_end": false
                        },
                        "test.bed:md5,ff0dc82bcd1f6e19089f1ab8a1a35a16"
                    ]
                ],
                "bedpe": [
                    [
                        {
                            "id": "test",
                            "single_end": false
                        },
                        "test.bedpe:md5,511c63569e96a71cc3c14d13c7198f15"
                    ]
                ],
                "versions": [
                    "versions.yml:md5,704c8164e659d86df96218632b156d7a"
                ]
            }
        ],
        "meta": {
            "nf-test": "0.9.2",
            "nextflow": "25.04.6"
        },
        "timestamp": "2025-07-21T16:05:04.671481"
    },
    "inline - assembly - stub": {
        "content": [
            {
                "0": [
                    [
                        {
                            "id": "test",
                            "single_end": false
                        },
                        "test.bedpe:md5,d41d8cd98f00b204e9800998ecf8427e"
                    ]
                ],
                "1": [
                    [
                        {
                            "id": "test",
                            "single_end": false
                        },
                        "test.bed:md5,d41d8cd98f00b204e9800998ecf8427e"
                    ]
                ],
                "2": [
                    "versions.yml:md5,704c8164e659d86df96218632b156d7a"
                ],
                "bed": [
                    [
                        {
                            "id": "test",
                            "single_end": false
                        },
                        "test.bed:md5,d41d8cd98f00b204e9800998ecf8427e"
                    ]
                ],
                "bedpe": [
                    [
                        {
                            "id": "test",
                            "single_end": false
                        },
                        "test.bedpe:md5,d41d8cd98f00b204e9800998ecf8427e"
                    ]
                ],
                "versions": [
                    "versions.yml:md5,704c8164e659d86df96218632b156d7a"
                ]
            }
        ],
        "meta": {
            "nf-test": "0.9.2",
            "nextflow": "25.04.6"
        },
        "timestamp": "2025-07-21T16:04:24.260298"
    }
}