{
    "inline - assembly": {
        "content": [
            {
                "0": [
                    [
                        {
                            "id": "test",
                            "single_end": false
                        },
                        "test.bedpe:md5,7fb5ad99989fe47aad4296a9b48298e6"
                    ]
                ],
                "1": [
                    [
                        {
                            "id": "test",
                            "single_end": false
                        },
                        "test.bed:md5,ffc25eb6bf3a4e624f89569e4057b53b"
                    ]
                ],
                "2": [
                    "versions.yml:md5,704c8164e659d86df96218632b156d7a"
                ],
                "bed": [
                    [
                        {
                            "id": "test",
                            "single_end": false
                        },
                        "test.bed:md5,ffc25eb6bf3a4e624f89569e4057b53b"
                    ]
                ],
                "bedpe": [
                    [
                        {
                            "id": "test",
                            "single_end": false
                        },
                        "test.bedpe:md5,7fb5ad99989fe47aad4296a9b48298e6"
                    ]
                ],
                "versions_python": [
                    "versions.yml:md5,704c8164e659d86df96218632b156d7a"
                ]
            }
        ],
        "timestamp": "2026-07-27T11:47:17.511209",
        "meta": {
            "nf-test": "0.9.5",
            "nextflow": "26.04.6"
        }
    },
    "inline - assembly - single scaffold": {
        "content": [
            {
                "0": [
                    [
                        {
                            "id": "test",
                            "single_end": false
                        },
                        "test.bedpe:md5,a4ec178eaaa2e96b724f927ce9678b5a"
                    ]
                ],
                "1": [
                    [
                        {
                            "id": "test",
                            "single_end": false
                        },
                        "test.bed:md5,bc903fc7f717a627853e93ff6c2dfcb3"
                    ]
                ],
                "2": [
                    "versions.yml:md5,704c8164e659d86df96218632b156d7a"
                ],
                "bed": [
                    [
                        {
                            "id": "test",
                            "single_end": false
                        },
                        "test.bed:md5,bc903fc7f717a627853e93ff6c2dfcb3"
                    ]
                ],
                "bedpe": [
                    [
                        {
                            "id": "test",
                            "single_end": false
                        },
                        "test.bedpe:md5,a4ec178eaaa2e96b724f927ce9678b5a"
                    ]
                ],
                "versions_python": [
                    "versions.yml:md5,704c8164e659d86df96218632b156d7a"
                ]
            }
        ],
        "timestamp": "2026-07-27T11:47:27.879992",
        "meta": {
            "nf-test": "0.9.5",
            "nextflow": "26.04.6"
        }
    },
    "inline - assembly - stub": {
        "content": [
            {
                "0": [
                    [
                        {
                            "id": "test",
                            "single_end": false
                        },
                        "test.bedpe:md5,d41d8cd98f00b204e9800998ecf8427e"
                    ]
                ],
                "1": [
                    [
                        {
                            "id": "test",
                            "single_end": false
                        },
                        "test.bed:md5,d41d8cd98f00b204e9800998ecf8427e"
                    ]
                ],
                "2": [
                    "versions.yml:md5,704c8164e659d86df96218632b156d7a"
                ],
                "bed": [
                    [
                        {
                            "id": "test",
                            "single_end": false
                        },
                        "test.bed:md5,d41d8cd98f00b204e9800998ecf8427e"
                    ]
                ],
                "bedpe": [
                    [
                        {
                            "id": "test",
                            "single_end": false
                        },
                        "test.bedpe:md5,d41d8cd98f00b204e9800998ecf8427e"
                    ]
                ],
                "versions_python": [
                    "versions.yml:md5,704c8164e659d86df96218632b156d7a"
                ]
            }
        ],
        "timestamp": "2026-07-27T11:46:58.906359",
        "meta": {
            "nf-test": "0.9.5",
            "nextflow": "26.04.6"
        }
    }
}