{
    "sarscov2 - genome_fasta - no_ltr": {
        "content": [
            [
                [
                    {
                        "id": "test"
                    },
                    "test.gff3:md5,766aae35755ed7299028a9b31911cfb0"
                ]
            ],
            [
                "versions.yml:md5,a3862611f1ca8ddd6d46d79f1a900c12"
            ]
        ],
        "meta": {
            "nf-test": "0.9.3",
            "nextflow": "25.04.8"
        },
        "timestamp": "2025-10-22T08:29:25.256098"
    },
    "homo_sapiens - genome_fasta - stub": {
        "content": [
            {
                "0": [
                    [
                        {
                            "id": "test"
                        },
                        "test.gff3:md5,d41d8cd98f00b204e9800998ecf8427e"
                    ]
                ],
                "1": [
                    [
                        {
                            "id": "test"
                        },
                        "test.scn:md5,d41d8cd98f00b204e9800998ecf8427e"
                    ]
                ],
                "2": [
                    "versions.yml:md5,a3862611f1ca8ddd6d46d79f1a900c12"
                ],
                "gff3": [
                    [
                        {
                            "id": "test"
                        },
                        "test.gff3:md5,d41d8cd98f00b204e9800998ecf8427e"
                    ]
                ],
                "scn": [
                    [
                        {
                            "id": "test"
                        },
                        "test.scn:md5,d41d8cd98f00b204e9800998ecf8427e"
                    ]
                ],
                "versions": [
                    "versions.yml:md5,a3862611f1ca8ddd6d46d79f1a900c12"
                ]
            }
        ],
        "meta": {
            "nf-test": "0.9.3",
            "nextflow": "25.04.8"
        },
        "timestamp": "2025-10-22T08:29:29.546338"
    },
    "homo_sapiens - genome_21_fasta": {
        "content": [
            [
                [
                    {
                        "id": "test"
                    },
                    "test.gff3:md5,f131956b6a41dd42dfd2122049766cca"
                ]
            ],
            [
                "versions.yml:md5,a3862611f1ca8ddd6d46d79f1a900c12"
            ]
        ],
        "meta": {
            "nf-test": "0.9.3",
            "nextflow": "25.04.8"
        },
        "timestamp": "2025-10-22T08:29:20.096201"
    }
}