{
    "candidatus_portiera_aleyrodidarum - Gffs": {
        "content": [
            null,
            [
                "##gff-version 3",
                "##sequence-region NC_018507.1 1 358242",
                "NC_018507.1\tAGAT\tgene\t1\t1926\t.\t+\t.\tID=agat-gene-1;Name=dnaK;db_xref=COG:COG0443;gene=dnaK;inference=ab initio prediction:Prodigal:002006,similar to AA sequence:UniProtKB:O87712;locus_tag=JKHLNHAL_00001;product=Chaperone protein DnaK"
            ]
        ],
        "timestamp": "2026-07-29T12:44:51.688279",
        "meta": {
            "nf-test": "0.9.5",
            "nextflow": "26.04.6"
        }
    },
    "candidatus_portiera_aleyrodidarum - Gffs - stub": {
        "content": [
            {
                "0": [
                    [
                        {
                            "id": "test",
                            "single_end": false
                        },
                        "test.gff:md5,d41d8cd98f00b204e9800998ecf8427e"
                    ]
                ],
                "1": [
                    [
                        "AGAT_SPCOMPLEMENTANNOTATIONS",
                        "agat",
                        "1.6.1"
                    ]
                ],
                "gff": [
                    [
                        {
                            "id": "test",
                            "single_end": false
                        },
                        "test.gff:md5,d41d8cd98f00b204e9800998ecf8427e"
                    ]
                ],
                "versions_agat": [
                    [
                        "AGAT_SPCOMPLEMENTANNOTATIONS",
                        "agat",
                        "1.6.1"
                    ]
                ]
            }
        ],
        "timestamp": "2026-07-29T12:45:00.88469",
        "meta": {
            "nf-test": "0.9.5",
            "nextflow": "26.04.6"
        }
    }
}