{
    "nanopore - test_sequencing_summary stub": {
        "content": [
            {
                "0": [
                    [
                        {
                            "id": "test"
                        },
                        "test.txt:md5,d41d8cd98f00b204e9800998ecf8427e"
                    ]
                ],
                "1": [
                    [
                        "SORT",
                        "sort",
                        "sort (GNU coreutils) 9.5"
                    ]
                ],
                "sorted": [
                    [
                        {
                            "id": "test"
                        },
                        "test.txt:md5,d41d8cd98f00b204e9800998ecf8427e"
                    ]
                ],
                "versions_sort": [
                    [
                        "SORT",
                        "sort",
                        "sort (GNU coreutils) 9.5"
                    ]
                ]
            }
        ],
        "timestamp": "2026-07-29T09:11:11.74448",
        "meta": {
            "nf-test": "0.9.5",
            "nextflow": "26.04.6"
        }
    },
    "nanopore - test_sequencing_summary": {
        "content": [
            {
                "0": [
                    [
                        {
                            "id": "test"
                        },
                        "test.sorted.txt:md5,56ef18b392e17b5f1dd9309f7983c867"
                    ]
                ],
                "1": [
                    [
                        "SORT",
                        "sort",
                        "sort (GNU coreutils) 9.5"
                    ]
                ],
                "sorted": [
                    [
                        {
                            "id": "test"
                        },
                        "test.sorted.txt:md5,56ef18b392e17b5f1dd9309f7983c867"
                    ]
                ],
                "versions_sort": [
                    [
                        "SORT",
                        "sort",
                        "sort (GNU coreutils) 9.5"
                    ]
                ]
            }
        ],
        "timestamp": "2026-07-29T09:11:03.754948",
        "meta": {
            "nf-test": "0.9.5",
            "nextflow": "26.04.6"
        }
    }
}