{
    "hongyang - hic - stub": {
        "content": [
            {
                "0": [
                    [
                        {
                            "id": "test",
                            "single_end": false
                        },
                        "test.zoomify.hic:md5,d41d8cd98f00b204e9800998ecf8427e"
                    ]
                ],
                "1": [
                    "versions.yml:md5,47dd723e575db6aecd74c7b490cc4ec7"
                ],
                "hic": [
                    [
                        {
                            "id": "test",
                            "single_end": false
                        },
                        "test.zoomify.hic:md5,d41d8cd98f00b204e9800998ecf8427e"
                    ]
                ],
                "versions": [
                    "versions.yml:md5,47dd723e575db6aecd74c7b490cc4ec7"
                ]
            }
        ],
        "meta": {
            "nf-test": "0.9.2",
            "nextflow": "25.04.6"
        },
        "timestamp": "2025-08-11T19:54:45.997925"
    },
    "hongyang - hic": {
        "content": [
            {
                "0": [
                    [
                        {
                            "id": "test",
                            "single_end": false
                        },
                        "test.zoomify.hic:md5,fdf3100373d6683fcdd2ea95a9ba18cc"
                    ]
                ],
                "1": [
                    "versions.yml:md5,47dd723e575db6aecd74c7b490cc4ec7"
                ],
                "hic": [
                    [
                        {
                            "id": "test",
                            "single_end": false
                        },
                        "test.zoomify.hic:md5,fdf3100373d6683fcdd2ea95a9ba18cc"
                    ]
                ],
                "versions": [
                    "versions.yml:md5,47dd723e575db6aecd74c7b490cc4ec7"
                ]
            }
        ],
        "meta": {
            "nf-test": "0.9.2",
            "nextflow": "25.04.6"
        },
        "timestamp": "2025-08-11T19:51:37.966564"
    }
}