{
    "hongyang - hic - stub": {
        "content": [
            {
                "0": [
                    [
                        {
                            "id": "test",
                            "single_end": false
                        },
                        "test.zoomify.hic:md5,d41d8cd98f00b204e9800998ecf8427e"
                    ]
                ],
                "1": [
                    [
                        "HICTK_ZOOMIFY",
                        "hictk",
                        "hictk-v2.1.4-bioconda"
                    ]
                ],
                "hic": [
                    [
                        {
                            "id": "test",
                            "single_end": false
                        },
                        "test.zoomify.hic:md5,d41d8cd98f00b204e9800998ecf8427e"
                    ]
                ],
                "versions_hictk": [
                    [
                        "HICTK_ZOOMIFY",
                        "hictk",
                        "hictk-v2.1.4-bioconda"
                    ]
                ]
            }
        ],
        "timestamp": "2026-07-29T12:46:50.050592",
        "meta": {
            "nf-test": "0.9.5",
            "nextflow": "26.04.6"
        }
    },
    "hongyang - hic": {
        "content": [
            {
                "0": [
                    [
                        {
                            "id": "test",
                            "single_end": false
                        },
                        "test.zoomify.hic:md5,fdf3100373d6683fcdd2ea95a9ba18cc"
                    ]
                ],
                "1": [
                    [
                        "HICTK_ZOOMIFY",
                        "hictk",
                        "hictk-v2.1.4-bioconda"
                    ]
                ],
                "hic": [
                    [
                        {
                            "id": "test",
                            "single_end": false
                        },
                        "test.zoomify.hic:md5,fdf3100373d6683fcdd2ea95a9ba18cc"
                    ]
                ],
                "versions_hictk": [
                    [
                        "HICTK_ZOOMIFY",
                        "hictk",
                        "hictk-v2.1.4-bioconda"
                    ]
                ]
            }
        ],
        "timestamp": "2026-07-29T12:46:38.809237",
        "meta": {
            "nf-test": "0.9.5",
            "nextflow": "26.04.6"
        }
    }
}