{
    "actinidia_chinensis-genome_1_fasta_gz-with_empty_mono": {
        "content": [
            [
                "versions.yml:md5,05a74dacbcd6c5906faeca3206f6563f",
                "versions.yml:md5,1a46aa2f4bac2de9fda281ff1989e0c6",
                "versions.yml:md5,5d86cda262f5c21e43738433a2781ebc",
                "versions.yml:md5,608d746d45680f025562c4be455db461",
                "versions.yml:md5,8468404805dddec679524e75b4fa51e8",
                "versions.yml:md5,870ed0b6c0a613408896bd45d7c92ba9",
                "versions.yml:md5,9b2d5d76add82441b1e950d333e31307",
                "versions.yml:md5,fb42c6cc5c28b6f9d3384171c7b6b143"
            ]
        ],
        "meta": {
            "nf-test": "0.9.3",
            "nextflow": "25.04.8"
        },
        "timestamp": "2025-10-22T08:40:00.466342"
    },
    "sarscov2 - fasta - noltr": {
        "content": [
            [
                
            ],
            [
                
            ],
            [
                
            ],
            [
                
            ],
            [
                "versions.yml:md5,05a74dacbcd6c5906faeca3206f6563f",
                "versions.yml:md5,1a46aa2f4bac2de9fda281ff1989e0c6",
                "versions.yml:md5,608d746d45680f025562c4be455db461",
                "versions.yml:md5,8468404805dddec679524e75b4fa51e8",
                "versions.yml:md5,870ed0b6c0a613408896bd45d7c92ba9",
                "versions.yml:md5,fb42c6cc5c28b6f9d3384171c7b6b143"
            ]
        ],
        "meta": {
            "nf-test": "0.9.3",
            "nextflow": "25.04.8"
        },
        "timestamp": "2025-10-22T08:40:30.962905"
    },
    "homo_sapiens - fasta": {
        "content": [
            [
                "versions.yml:md5,05a74dacbcd6c5906faeca3206f6563f",
                "versions.yml:md5,1a46aa2f4bac2de9fda281ff1989e0c6",
                "versions.yml:md5,5d86cda262f5c21e43738433a2781ebc",
                "versions.yml:md5,608d746d45680f025562c4be455db461",
                "versions.yml:md5,8468404805dddec679524e75b4fa51e8",
                "versions.yml:md5,870ed0b6c0a613408896bd45d7c92ba9",
                "versions.yml:md5,9b2d5d76add82441b1e950d333e31307",
                "versions.yml:md5,fb42c6cc5c28b6f9d3384171c7b6b143"
            ],
            [
                
            ]
        ],
        "meta": {
            "nf-test": "0.9.3",
            "nextflow": "25.04.8"
        },
        "timestamp": "2025-10-22T08:41:11.221744"
    },
    "actinidia_chinensis-genome_1_fasta_gz": {
        "content": [
            [
                "versions.yml:md5,05a74dacbcd6c5906faeca3206f6563f",
                "versions.yml:md5,1a46aa2f4bac2de9fda281ff1989e0c6",
                "versions.yml:md5,5d86cda262f5c21e43738433a2781ebc",
                "versions.yml:md5,608d746d45680f025562c4be455db461",
                "versions.yml:md5,8468404805dddec679524e75b4fa51e8",
                "versions.yml:md5,870ed0b6c0a613408896bd45d7c92ba9",
                "versions.yml:md5,fb42c6cc5c28b6f9d3384171c7b6b143"
            ]
        ],
        "meta": {
            "nf-test": "0.9.3",
            "nextflow": "25.04.8"
        },
        "timestamp": "2025-10-22T08:33:22.534054"
    },
    "actinidia_chinensis-genome_1_fasta_gz-with_mono": {
        "content": [
            [
                "versions.yml:md5,05a74dacbcd6c5906faeca3206f6563f",
                "versions.yml:md5,1a46aa2f4bac2de9fda281ff1989e0c6",
                "versions.yml:md5,5d86cda262f5c21e43738433a2781ebc",
                "versions.yml:md5,608d746d45680f025562c4be455db461",
                "versions.yml:md5,8468404805dddec679524e75b4fa51e8",
                "versions.yml:md5,870ed0b6c0a613408896bd45d7c92ba9",
                "versions.yml:md5,9b2d5d76add82441b1e950d333e31307",
                "versions.yml:md5,fb42c6cc5c28b6f9d3384171c7b6b143"
            ]
        ],
        "meta": {
            "nf-test": "0.9.3",
            "nextflow": "25.04.8"
        },
        "timestamp": "2025-10-22T08:36:40.220288"
    },
    "empty_fasta_stub": {
        "content": [
            {
                "0": [
                    [
                        {
                            "id": "test"
                        },
                        "test.log:md5,d41d8cd98f00b204e9800998ecf8427e"
                    ]
                ],
                "1": [
                    [
                        {
                            "id": "test"
                        },
                        "test.LTRlib.fa:md5,d41d8cd98f00b204e9800998ecf8427e"
                    ]
                ],
                "2": [
                    [
                        {
                            "id": "test"
                        },
                        "test.out.gff3:md5,d41d8cd98f00b204e9800998ecf8427e"
                    ]
                ],
                "3": [
                    [
                        {
                            "id": "test"
                        },
                        "test.LAI.log:md5,d41d8cd98f00b204e9800998ecf8427e"
                    ]
                ],
                "4": [
                    [
                        {
                            "id": "test"
                        },
                        "test.LAI.out:md5,d41d8cd98f00b204e9800998ecf8427e"
                    ]
                ],
                "5": [
                    "versions.yml:md5,05a74dacbcd6c5906faeca3206f6563f",
                    "versions.yml:md5,1a46aa2f4bac2de9fda281ff1989e0c6",
                    "versions.yml:md5,5d86cda262f5c21e43738433a2781ebc",
                    "versions.yml:md5,608d746d45680f025562c4be455db461",
                    "versions.yml:md5,8468404805dddec679524e75b4fa51e8",
                    "versions.yml:md5,870ed0b6c0a613408896bd45d7c92ba9",
                    "versions.yml:md5,fb42c6cc5c28b6f9d3384171c7b6b143"
                ],
                "annotation_gff": [
                    [
                        {
                            "id": "test"
                        },
                        "test.out.gff3:md5,d41d8cd98f00b204e9800998ecf8427e"
                    ]
                ],
                "lai_log": [
                    [
                        {
                            "id": "test"
                        },
                        "test.LAI.log:md5,d41d8cd98f00b204e9800998ecf8427e"
                    ]
                ],
                "lai_out": [
                    [
                        {
                            "id": "test"
                        },
                        "test.LAI.out:md5,d41d8cd98f00b204e9800998ecf8427e"
                    ]
                ],
                "ltrlib": [
                    [
                        {
                            "id": "test"
                        },
                        "test.LTRlib.fa:md5,d41d8cd98f00b204e9800998ecf8427e"
                    ]
                ],
                "ltrretriever_log": [
                    [
                        {
                            "id": "test"
                        },
                        "test.log:md5,d41d8cd98f00b204e9800998ecf8427e"
                    ]
                ],
                "versions": [
                    "versions.yml:md5,05a74dacbcd6c5906faeca3206f6563f",
                    "versions.yml:md5,1a46aa2f4bac2de9fda281ff1989e0c6",
                    "versions.yml:md5,5d86cda262f5c21e43738433a2781ebc",
                    "versions.yml:md5,608d746d45680f025562c4be455db461",
                    "versions.yml:md5,8468404805dddec679524e75b4fa51e8",
                    "versions.yml:md5,870ed0b6c0a613408896bd45d7c92ba9",
                    "versions.yml:md5,fb42c6cc5c28b6f9d3384171c7b6b143"
                ]
            }
        ],
        "meta": {
            "nf-test": "0.9.3",
            "nextflow": "25.04.8"
        },
        "timestamp": "2025-10-22T08:40:13.839402"
    }
}