{
    "sarscov2 - fasta - stub": {
        "content": [
            {
                "0": [
                    [
                        {
                            "id": "test"
                        },
                        "test.bed:md5,d41d8cd98f00b204e9800998ecf8427e"
                    ]
                ],
                "1": [
                    "versions.yml:md5,20b8080748522e64cd8f91fd7e308d04",
                    "versions.yml:md5,d2ee1f0baf2565c82d1b0687635e19d9",
                    "versions.yml:md5,f6695001b2e0b9b951fae3a9bc5cdabc"
                ],
                "nuc": [
                    [
                        {
                            "id": "test"
                        },
                        "test.bed:md5,d41d8cd98f00b204e9800998ecf8427e"
                    ]
                ],
                "versions": [
                    "versions.yml:md5,20b8080748522e64cd8f91fd7e308d04",
                    "versions.yml:md5,d2ee1f0baf2565c82d1b0687635e19d9",
                    "versions.yml:md5,f6695001b2e0b9b951fae3a9bc5cdabc"
                ]
            }
        ],
        "meta": {
            "nf-test": "0.9.3",
            "nextflow": "25.04.8"
        },
        "timestamp": "2025-10-21T09:59:29.968508"
    },
    "sarscov2 - fasta": {
        "content": [
            {
                "0": [
                    [
                        {
                            "id": "test"
                        },
                        "test.bed:md5,977c49e01f2c64deb42bb32398b0c3c9"
                    ]
                ],
                "1": [
                    "versions.yml:md5,0198f350928867eb7cea768232a32ea5",
                    "versions.yml:md5,20b8080748522e64cd8f91fd7e308d04",
                    "versions.yml:md5,d2ee1f0baf2565c82d1b0687635e19d9"
                ],
                "nuc": [
                    [
                        {
                            "id": "test"
                        },
                        "test.bed:md5,977c49e01f2c64deb42bb32398b0c3c9"
                    ]
                ],
                "versions": [
                    "versions.yml:md5,0198f350928867eb7cea768232a32ea5",
                    "versions.yml:md5,20b8080748522e64cd8f91fd7e308d04",
                    "versions.yml:md5,d2ee1f0baf2565c82d1b0687635e19d9"
                ]
            }
        ],
        "meta": {
            "nf-test": "0.9.3",
            "nextflow": "25.04.8"
        },
        "timestamp": "2025-10-21T09:59:23.719869"
    }
}