{
    "hongyang - hic - stub": {
        "content": [
            {
                "0": [
                    [
                        {
                            "id": "test",
                            "single_end": false
                        },
                        "test.hic:md5,d41d8cd98f00b204e9800998ecf8427e"
                    ]
                ],
                "1": [
                    "versions.yml:md5,96b37693dc6798f1f28345f0da558100"
                ],
                "hic": [
                    [
                        {
                            "id": "test",
                            "single_end": false
                        },
                        "test.hic:md5,d41d8cd98f00b204e9800998ecf8427e"
                    ]
                ],
                "versions": [
                    "versions.yml:md5,96b37693dc6798f1f28345f0da558100"
                ]
            }
        ],
        "meta": {
            "nf-test": "0.9.2",
            "nextflow": "25.04.6"
        },
        "timestamp": "2025-08-11T19:28:55.863048"
    },
    "hongyang - hic": {
        "content": [
            {
                "0": [
                    [
                        {
                            "id": "test",
                            "single_end": false
                        },
                        "test.hic:md5,257ba7c7202e68112c26ca5bbc71f601"
                    ]
                ],
                "1": [
                    "versions.yml:md5,96b37693dc6798f1f28345f0da558100"
                ],
                "hic": [
                    [
                        {
                            "id": "test",
                            "single_end": false
                        },
                        "test.hic:md5,257ba7c7202e68112c26ca5bbc71f601"
                    ]
                ],
                "versions": [
                    "versions.yml:md5,96b37693dc6798f1f28345f0da558100"
                ]
            }
        ],
        "meta": {
            "nf-test": "0.9.2",
            "nextflow": "25.04.6"
        },
        "timestamp": "2025-08-11T19:23:56.653416"
    }
}