{
    "hongyang - hic - stub": {
        "content": [
            {
                "0": [
                    [
                        {
                            "id": "test",
                            "single_end": false
                        },
                        "test.hic:md5,d41d8cd98f00b204e9800998ecf8427e"
                    ]
                ],
                "1": [
                    [
                        "HICTK_LOAD",
                        "hictk",
                        "hictk-v2.1.4-bioconda"
                    ]
                ],
                "hic": [
                    [
                        {
                            "id": "test",
                            "single_end": false
                        },
                        "test.hic:md5,d41d8cd98f00b204e9800998ecf8427e"
                    ]
                ],
                "versions_hictk": [
                    [
                        "HICTK_LOAD",
                        "hictk",
                        "hictk-v2.1.4-bioconda"
                    ]
                ]
            }
        ],
        "timestamp": "2026-07-28T20:35:31.755834",
        "meta": {
            "nf-test": "0.9.5",
            "nextflow": "26.04.6"
        }
    },
    "hongyang - hic": {
        "content": [
            {
                "0": [
                    [
                        {
                            "id": "test",
                            "single_end": false
                        },
                        "test.hic:md5,257ba7c7202e68112c26ca5bbc71f601"
                    ]
                ],
                "1": [
                    [
                        "HICTK_LOAD",
                        "hictk",
                        "hictk-v2.1.4-bioconda"
                    ]
                ],
                "hic": [
                    [
                        {
                            "id": "test",
                            "single_end": false
                        },
                        "test.hic:md5,257ba7c7202e68112c26ca5bbc71f601"
                    ]
                ],
                "versions_hictk": [
                    [
                        "HICTK_LOAD",
                        "hictk",
                        "hictk-v2.1.4-bioconda"
                    ]
                ]
            }
        ],
        "timestamp": "2026-07-28T20:35:21.411611",
        "meta": {
            "nf-test": "0.9.5",
            "nextflow": "26.04.6"
        }
    }
}