{
    "sarscov2-fasta-valid": {
        "content": [
            {
                "0": [
                    [
                        {
                            "id": "test",
                            "single_end": false
                        },
                        "test.success.log:md5,7b9802635c4f44d1711e7132ccdb648e"
                    ]
                ],
                "1": [
                    
                ],
                "2": [
                    "versions.yml:md5,8298b2514200e1266de26c8f2a18c10d"
                ],
                "error_log": [
                    
                ],
                "success_log": [
                    [
                        {
                            "id": "test",
                            "single_end": false
                        },
                        "test.success.log:md5,7b9802635c4f44d1711e7132ccdb648e"
                    ]
                ],
                "versions": [
                    "versions.yml:md5,8298b2514200e1266de26c8f2a18c10d"
                ]
            }
        ],
        "meta": {
            "nf-test": "0.9.2",
            "nextflow": "25.04.2"
        },
        "timestamp": "2025-06-10T09:45:10.983828"
    },
    "sarscov2-gff3-invalid": {
        "content": [
            [
                "versions.yml:md5,8298b2514200e1266de26c8f2a18c10d"
            ]
        ],
        "meta": {
            "nf-test": "0.9.2",
            "nextflow": "25.04.2"
        },
        "timestamp": "2025-06-10T09:45:20.494381"
    },
    "sarscov2-fasta-valid-stub": {
        "content": [
            {
                "0": [
                    [
                        {
                            "id": "test",
                            "single_end": false
                        },
                        "test.success.log:md5,7b9802635c4f44d1711e7132ccdb648e"
                    ]
                ],
                "1": [
                    
                ],
                "2": [
                    "versions.yml:md5,8298b2514200e1266de26c8f2a18c10d"
                ],
                "error_log": [
                    
                ],
                "success_log": [
                    [
                        {
                            "id": "test",
                            "single_end": false
                        },
                        "test.success.log:md5,7b9802635c4f44d1711e7132ccdb648e"
                    ]
                ],
                "versions": [
                    "versions.yml:md5,8298b2514200e1266de26c8f2a18c10d"
                ]
            }
        ],
        "meta": {
            "nf-test": "0.9.2",
            "nextflow": "25.04.2"
        },
        "timestamp": "2025-06-10T09:45:15.632173"
    }
}