{
    "actinidia_chinensis - genome_1_fasta_gz": {
        "content": [
            {
                "0": [
                    [
                        {
                            "id": "test"
                        },
                        "test.draw:md5,434aaaa70c294464e6bae93b2895b13c"
                    ]
                ],
                "1": [
                    [
                        {
                            "id": "test"
                        },
                        "test.rc.draw:md5,7aeed0fdf50f8cb2516b2e92f456835e"
                    ]
                ],
                "helitronscanner_draw": [
                    [
                        {
                            "id": "test"
                        },
                        "test.draw:md5,434aaaa70c294464e6bae93b2895b13c"
                    ]
                ],
                "helitronscanner_draw_rc": [
                    [
                        {
                            "id": "test"
                        },
                        "test.rc.draw:md5,7aeed0fdf50f8cb2516b2e92f456835e"
                    ]
                ]
            }
        ],
        "timestamp": "2026-07-29T11:02:18.320924",
        "meta": {
            "nf-test": "0.9.5",
            "nextflow": "26.04.6"
        }
    },
    "stub": {
        "content": [
            {
                "0": [
                    [
                        {
                            "id": "test"
                        },
                        "test.draw:md5,d41d8cd98f00b204e9800998ecf8427e"
                    ]
                ],
                "1": [
                    [
                        {
                            "id": "test"
                        },
                        "test.rc.draw:md5,d41d8cd98f00b204e9800998ecf8427e"
                    ]
                ],
                "helitronscanner_draw": [
                    [
                        {
                            "id": "test"
                        },
                        "test.draw:md5,d41d8cd98f00b204e9800998ecf8427e"
                    ]
                ],
                "helitronscanner_draw_rc": [
                    [
                        {
                            "id": "test"
                        },
                        "test.rc.draw:md5,d41d8cd98f00b204e9800998ecf8427e"
                    ]
                ]
            }
        ],
        "timestamp": "2026-07-29T11:04:41.624096",
        "meta": {
            "nf-test": "0.9.5",
            "nextflow": "26.04.6"
        }
    },
    "sarscov2 - genome": {
        "content": null,
        "timestamp": "2026-07-29T11:04:00.040375",
        "meta": {
            "nf-test": "0.9.5",
            "nextflow": "26.04.6"
        }
    }
}