{
    "HY - agp - stub": {
        "content": [
            {
                "0": [
                    [
                        {
                            "id": "test",
                            "single_end": false
                        },
                        "test.assembly:md5,d41d8cd98f00b204e9800998ecf8427e"
                    ]
                ],
                "1": [
                    "versions.yml:md5,a108501cebf8df4cc42a0382ea8be68a"
                ],
                "assembly": [
                    [
                        {
                            "id": "test",
                            "single_end": false
                        },
                        "test.assembly:md5,d41d8cd98f00b204e9800998ecf8427e"
                    ]
                ],
                "versions_js": [
                    "versions.yml:md5,a108501cebf8df4cc42a0382ea8be68a"
                ]
            }
        ],
        "timestamp": "2026-07-29T08:22:43.622998",
        "meta": {
            "nf-test": "0.9.5",
            "nextflow": "26.04.6"
        }
    },
    "HY - agp": {
        "content": [
            {
                "0": [
                    [
                        {
                            "id": "test",
                            "single_end": false
                        },
                        "test.assembly:md5,48f07547635ccfd80eddc5b9a0d8040f"
                    ]
                ],
                "1": [
                    "versions.yml:md5,a108501cebf8df4cc42a0382ea8be68a"
                ],
                "assembly": [
                    [
                        {
                            "id": "test",
                            "single_end": false
                        },
                        "test.assembly:md5,48f07547635ccfd80eddc5b9a0d8040f"
                    ]
                ],
                "versions_js": [
                    "versions.yml:md5,a108501cebf8df4cc42a0382ea8be68a"
                ]
            }
        ],
        "timestamp": "2026-07-29T08:22:38.139942",
        "meta": {
            "nf-test": "0.9.5",
            "nextflow": "26.04.6"
        }
    }
}