{
    "hongyang - hic - stub": {
        "content": [
            {
                "0": [
                    [
                        {
                            "id": "test",
                            "single_end": false
                        },
                        "test.index.txt:md5,d41d8cd98f00b204e9800998ecf8427e"
                    ]
                ],
                "1": [
                    "versions.yml:md5,a560a217944c78776df7eefddbf13229"
                ],
                "index": [
                    [
                        {
                            "id": "test",
                            "single_end": false
                        },
                        "test.index.txt:md5,d41d8cd98f00b204e9800998ecf8427e"
                    ]
                ],
                "versions": [
                    "versions.yml:md5,a560a217944c78776df7eefddbf13229"
                ]
            }
        ],
        "meta": {
            "nf-test": "0.9.2",
            "nextflow": "25.04.6"
        },
        "timestamp": "2025-08-07T15:55:34.880328"
    },
    "hongyang - hic - mode - assembly": {
        "content": [
            {
                "0": [
                    [
                        {
                            "id": "test",
                            "single_end": false
                        },
                        "test.index.txt:md5,b0cdf09d4dc2d0b7254952842d987293"
                    ]
                ],
                "1": [
                    "versions.yml:md5,a560a217944c78776df7eefddbf13229"
                ],
                "index": [
                    [
                        {
                            "id": "test",
                            "single_end": false
                        },
                        "test.index.txt:md5,b0cdf09d4dc2d0b7254952842d987293"
                    ]
                ],
                "versions": [
                    "versions.yml:md5,a560a217944c78776df7eefddbf13229"
                ]
            }
        ],
        "meta": {
            "nf-test": "0.9.2",
            "nextflow": "25.04.6"
        },
        "timestamp": "2025-08-07T15:55:27.822324"
    },
    "hongyang - hic": {
        "content": [
            {
                "0": [
                    [
                        {
                            "id": "test",
                            "single_end": false
                        },
                        "test.index.txt:md5,bbffcc7d877fc43958000d8a431a7e00"
                    ]
                ],
                "1": [
                    "versions.yml:md5,a560a217944c78776df7eefddbf13229"
                ],
                "index": [
                    [
                        {
                            "id": "test",
                            "single_end": false
                        },
                        "test.index.txt:md5,bbffcc7d877fc43958000d8a431a7e00"
                    ]
                ],
                "versions": [
                    "versions.yml:md5,a560a217944c78776df7eefddbf13229"
                ]
            }
        ],
        "meta": {
            "nf-test": "0.9.2",
            "nextflow": "25.04.6"
        },
        "timestamp": "2025-08-07T15:55:22.387455"
    }
}