{
    "hongyang - hic - stub": {
        "content": [
            {
                "0": [
                    [
                        {
                            "id": "test",
                            "single_end": false
                        },
                        "test.index.txt:md5,d41d8cd98f00b204e9800998ecf8427e"
                    ]
                ],
                "1": [
                    [
                        "JUICER_INDEXBYCHR",
                        "bioawk",
                        "20110810"
                    ]
                ],
                "index": [
                    [
                        {
                            "id": "test",
                            "single_end": false
                        },
                        "test.index.txt:md5,d41d8cd98f00b204e9800998ecf8427e"
                    ]
                ],
                "versions_bioawk": [
                    [
                        "JUICER_INDEXBYCHR",
                        "bioawk",
                        "20110810"
                    ]
                ]
            }
        ],
        "timestamp": "2026-07-29T08:37:27.684418",
        "meta": {
            "nf-test": "0.9.5",
            "nextflow": "26.04.6"
        }
    },
    "hongyang - hic - mode - assembly": {
        "content": [
            {
                "0": [
                    [
                        {
                            "id": "test",
                            "single_end": false
                        },
                        "test.index.txt:md5,b0cdf09d4dc2d0b7254952842d987293"
                    ]
                ],
                "1": [
                    [
                        "JUICER_INDEXBYCHR",
                        "bioawk",
                        "20110810"
                    ]
                ],
                "index": [
                    [
                        {
                            "id": "test",
                            "single_end": false
                        },
                        "test.index.txt:md5,b0cdf09d4dc2d0b7254952842d987293"
                    ]
                ],
                "versions_bioawk": [
                    [
                        "JUICER_INDEXBYCHR",
                        "bioawk",
                        "20110810"
                    ]
                ]
            }
        ],
        "timestamp": "2026-07-29T08:37:19.102148",
        "meta": {
            "nf-test": "0.9.5",
            "nextflow": "26.04.6"
        }
    },
    "hongyang - hic": {
        "content": [
            {
                "0": [
                    [
                        {
                            "id": "test",
                            "single_end": false
                        },
                        "test.index.txt:md5,bbffcc7d877fc43958000d8a431a7e00"
                    ]
                ],
                "1": [
                    [
                        "JUICER_INDEXBYCHR",
                        "bioawk",
                        "20110810"
                    ]
                ],
                "index": [
                    [
                        {
                            "id": "test",
                            "single_end": false
                        },
                        "test.index.txt:md5,bbffcc7d877fc43958000d8a431a7e00"
                    ]
                ],
                "versions_bioawk": [
                    [
                        "JUICER_INDEXBYCHR",
                        "bioawk",
                        "20110810"
                    ]
                ]
            }
        ],
        "timestamp": "2026-07-29T08:37:11.796793",
        "meta": {
            "nf-test": "0.9.5",
            "nextflow": "26.04.6"
        }
    }
}