{
    "sarscov2-fq-gz": {
        "content": [
            {
                "0": [
                    [
                        {
                            "id": "test",
                            "ref_id": "genome"
                        },
                        "test.on.genome.samblaster.bam:md5,3122d7b54207fbb39e144bfc91c1900a"
                    ]
                ],
                "1": [
                    "versions.yml:md5,3a9621342701375a0a827f0828040467",
                    "versions.yml:md5,3b59736950270bca59c29afeb5289b4f",
                    "versions.yml:md5,80949a94ee1be8238b1c79d89ed9fa83"
                ],
                "bam": [
                    [
                        {
                            "id": "test",
                            "ref_id": "genome"
                        },
                        "test.on.genome.samblaster.bam:md5,3122d7b54207fbb39e144bfc91c1900a"
                    ]
                ],
                "versions": [
                    "versions.yml:md5,3a9621342701375a0a827f0828040467",
                    "versions.yml:md5,3b59736950270bca59c29afeb5289b4f",
                    "versions.yml:md5,80949a94ee1be8238b1c79d89ed9fa83"
                ]
            }
        ],
        "meta": {
            "nf-test": "0.9.2",
            "nextflow": "24.10.5"
        },
        "timestamp": "2025-04-11T11:48:25.269319"
    },
    "sarscov2-fq-gz-stub": {
        "content": [
            {
                "0": [
                    [
                        {
                            "id": "test",
                            "ref_id": "genome"
                        },
                        "test.on.genome.samblaster.bam:md5,d41d8cd98f00b204e9800998ecf8427e"
                    ]
                ],
                "1": [
                    "versions.yml:md5,3a9621342701375a0a827f0828040467",
                    "versions.yml:md5,3b59736950270bca59c29afeb5289b4f",
                    "versions.yml:md5,80949a94ee1be8238b1c79d89ed9fa83"
                ],
                "bam": [
                    [
                        {
                            "id": "test",
                            "ref_id": "genome"
                        },
                        "test.on.genome.samblaster.bam:md5,d41d8cd98f00b204e9800998ecf8427e"
                    ]
                ],
                "versions": [
                    "versions.yml:md5,3a9621342701375a0a827f0828040467",
                    "versions.yml:md5,3b59736950270bca59c29afeb5289b4f",
                    "versions.yml:md5,80949a94ee1be8238b1c79d89ed9fa83"
                ]
            }
        ],
        "meta": {
            "nf-test": "0.9.2",
            "nextflow": "24.10.5"
        },
        "timestamp": "2025-04-11T11:48:32.207804"
    }
}