{
    "hongyang - bam": {
        "content": [
            [
                "versions.yml:md5,d8f5bd4c7db89f17c564f3b1c8770d7f"
            ],
            "test_qc_report.pdf",
            "test_qc_report.html",
            [
                "<td style=\"text-align: left;\">BAM File</td>",
                "<td style=\"text-align: left;\">HYh1h2_Chr01_6000000_6015000.bam</td>",
                "</tr>",
                "<tr>"
            ]
        ],
        "meta": {
            "nf-test": "0.9.2",
            "nextflow": "24.10.6"
        },
        "timestamp": "2025-05-27T15:07:01.177127"
    },
    "hongyang - bam - stub": {
        "content": [
            {
                "0": [
                    [
                        {
                            "id": "test",
                            "single_end": false
                        },
                        "test.pdf:md5,d41d8cd98f00b204e9800998ecf8427e"
                    ]
                ],
                "1": [
                    [
                        {
                            "id": "test",
                            "single_end": false
                        },
                        "test.html:md5,d41d8cd98f00b204e9800998ecf8427e"
                    ]
                ],
                "2": [
                    "versions.yml:md5,d8f5bd4c7db89f17c564f3b1c8770d7f"
                ],
                "html": [
                    [
                        {
                            "id": "test",
                            "single_end": false
                        },
                        "test.html:md5,d41d8cd98f00b204e9800998ecf8427e"
                    ]
                ],
                "pdf": [
                    [
                        {
                            "id": "test",
                            "single_end": false
                        },
                        "test.pdf:md5,d41d8cd98f00b204e9800998ecf8427e"
                    ]
                ],
                "versions": [
                    "versions.yml:md5,d8f5bd4c7db89f17c564f3b1c8770d7f"
                ]
            }
        ],
        "meta": {
            "nf-test": "0.9.2",
            "nextflow": "24.10.6"
        },
        "timestamp": "2025-05-27T11:12:42.637405"
    }
}