{
    "actinidia_chinensis - fasta - gff3": {
        "content": [
            {
                "0": [
                    [
                        {
                            "id": "test"
                        },
                        "test.motifs.tsv:md5,feb30ceeb2662125a80539929f2908c5"
                    ]
                ],
                "1": [
                    [
                        {
                            "id": "test"
                        },
                        "test.marked.gff3:md5,ae8800dc42d5da4a94c93cf09d319fc5"
                    ]
                ],
                "2": [
                    "versions.yml:md5,3cf7738c06a6fadd889090c97da9c1db",
                    "versions.yml:md5,69031d50a2a4198def1595b5e303ff98"
                ],
                "marked_gff3": [
                    [
                        {
                            "id": "test"
                        },
                        "test.marked.gff3:md5,ae8800dc42d5da4a94c93cf09d319fc5"
                    ]
                ],
                "motifs_tsv": [
                    [
                        {
                            "id": "test"
                        },
                        "test.motifs.tsv:md5,feb30ceeb2662125a80539929f2908c5"
                    ]
                ],
                "versions": [
                    "versions.yml:md5,3cf7738c06a6fadd889090c97da9c1db",
                    "versions.yml:md5,69031d50a2a4198def1595b5e303ff98"
                ]
            }
        ],
        "meta": {
            "nf-test": "0.9.0",
            "nextflow": "24.04.4"
        },
        "timestamp": "2024-11-10T10:07:58.599389"
    },
    "actinidia_chinensis - fasta - gff3 - stub": {
        "content": [
            {
                "0": [
                    [
                        {
                            "id": "test"
                        },
                        "test.motifs.tsv:md5,d41d8cd98f00b204e9800998ecf8427e"
                    ]
                ],
                "1": [
                    [
                        {
                            "id": "test"
                        },
                        "test.marked.gff3:md5,d41d8cd98f00b204e9800998ecf8427e"
                    ]
                ],
                "2": [
                    "versions.yml:md5,3cf7738c06a6fadd889090c97da9c1db",
                    "versions.yml:md5,69031d50a2a4198def1595b5e303ff98"
                ],
                "marked_gff3": [
                    [
                        {
                            "id": "test"
                        },
                        "test.marked.gff3:md5,d41d8cd98f00b204e9800998ecf8427e"
                    ]
                ],
                "motifs_tsv": [
                    [
                        {
                            "id": "test"
                        },
                        "test.motifs.tsv:md5,d41d8cd98f00b204e9800998ecf8427e"
                    ]
                ],
                "versions": [
                    "versions.yml:md5,3cf7738c06a6fadd889090c97da9c1db",
                    "versions.yml:md5,69031d50a2a4198def1595b5e303ff98"
                ]
            }
        ],
        "meta": {
            "nf-test": "0.9.0",
            "nextflow": "24.04.4"
        },
        "timestamp": "2024-11-10T10:08:07.6839"
    }
}