{
    "actinidia_chinensis - fasta - gff3": {
        "content": [
            {
                "0": [
                    [
                        {
                            "id": "test"
                        },
                        "test.motifs.tsv:md5,feb30ceeb2662125a80539929f2908c5"
                    ]
                ],
                "1": [
                    [
                        {
                            "id": "test"
                        },
                        "test.marked.gff3:md5,ae8800dc42d5da4a94c93cf09d319fc5"
                    ]
                ],
                "2": [
                    "versions.yml:md5,0f190206d305074e7a985f7128fa38ec",
                    "versions.yml:md5,47293a69963095aca6f437ea378c475b"
                ],
                "marked_gff3": [
                    [
                        {
                            "id": "test"
                        },
                        "test.marked.gff3:md5,ae8800dc42d5da4a94c93cf09d319fc5"
                    ]
                ],
                "motifs_tsv": [
                    [
                        {
                            "id": "test"
                        },
                        "test.motifs.tsv:md5,feb30ceeb2662125a80539929f2908c5"
                    ]
                ],
                "versions": [
                    "versions.yml:md5,0f190206d305074e7a985f7128fa38ec",
                    "versions.yml:md5,47293a69963095aca6f437ea378c475b"
                ]
            }
        ],
        "meta": {
            "nf-test": "0.9.3",
            "nextflow": "25.04.8"
        },
        "timestamp": "2025-10-20T08:45:16.513953"
    },
    "actinidia_chinensis - fasta - gff3 - stub": {
        "content": [
            {
                "0": [
                    [
                        {
                            "id": "test"
                        },
                        "test.motifs.tsv:md5,d41d8cd98f00b204e9800998ecf8427e"
                    ]
                ],
                "1": [
                    [
                        {
                            "id": "test"
                        },
                        "test.marked.gff3:md5,d41d8cd98f00b204e9800998ecf8427e"
                    ]
                ],
                "2": [
                    "versions.yml:md5,0f190206d305074e7a985f7128fa38ec",
                    "versions.yml:md5,47293a69963095aca6f437ea378c475b"
                ],
                "marked_gff3": [
                    [
                        {
                            "id": "test"
                        },
                        "test.marked.gff3:md5,d41d8cd98f00b204e9800998ecf8427e"
                    ]
                ],
                "motifs_tsv": [
                    [
                        {
                            "id": "test"
                        },
                        "test.motifs.tsv:md5,d41d8cd98f00b204e9800998ecf8427e"
                    ]
                ],
                "versions": [
                    "versions.yml:md5,0f190206d305074e7a985f7128fa38ec",
                    "versions.yml:md5,47293a69963095aca6f437ea378c475b"
                ]
            }
        ],
        "meta": {
            "nf-test": "0.9.3",
            "nextflow": "25.04.8"
        },
        "timestamp": "2025-10-20T08:45:27.156784"
    }
}