{
    "sarscov2-genome": {
        "content": [
            "test.fa",
            "test.gff3",
            "test.filtered.fa",
            "test.filtered.gff3"
        ],
        "timestamp": "2026-07-30T08:41:42.610791",
        "meta": {
            "nf-test": "0.9.5",
            "nextflow": "26.04.6"
        }
    },
    "actinidia_chinensis-genome_1_fasta_gz-success": {
        "content": [
            "test.fa",
            "test.gff3",
            "test.filtered.fa",
            "test.filtered.gff3"
        ],
        "timestamp": "2026-07-30T08:46:48.776412",
        "meta": {
            "nf-test": "0.9.5",
            "nextflow": "26.04.6"
        }
    },
    "stub": {
        "content": [
            {
                "0": [
                    [
                        {
                            "id": "test"
                        },
                        "test.log:md5,d41d8cd98f00b204e9800998ecf8427e"
                    ]
                ],
                "1": [
                    [
                        {
                            "id": "test"
                        },
                        "test.fa:md5,d41d8cd98f00b204e9800998ecf8427e"
                    ]
                ],
                "2": [
                    [
                        {
                            "id": "test"
                        },
                        "test.gff3:md5,d41d8cd98f00b204e9800998ecf8427e"
                    ]
                ],
                "3": [
                    [
                        {
                            "id": "test"
                        },
                        "test.filtered.fa:md5,d41d8cd98f00b204e9800998ecf8427e"
                    ]
                ],
                "4": [
                    [
                        {
                            "id": "test"
                        },
                        "test.filtered.gff3:md5,d41d8cd98f00b204e9800998ecf8427e"
                    ]
                ],
                "5": [
                    [
                        "TIRLEARNER",
                        "TIR-Learner",
                        "v1.0"
                    ]
                ],
                "fasta": [
                    [
                        {
                            "id": "test"
                        },
                        "test.fa:md5,d41d8cd98f00b204e9800998ecf8427e"
                    ]
                ],
                "filtered_fasta": [
                    [
                        {
                            "id": "test"
                        },
                        "test.filtered.fa:md5,d41d8cd98f00b204e9800998ecf8427e"
                    ]
                ],
                "filtered_gff": [
                    [
                        {
                            "id": "test"
                        },
                        "test.filtered.gff3:md5,d41d8cd98f00b204e9800998ecf8427e"
                    ]
                ],
                "gff": [
                    [
                        {
                            "id": "test"
                        },
                        "test.gff3:md5,d41d8cd98f00b204e9800998ecf8427e"
                    ]
                ],
                "log": [
                    [
                        {
                            "id": "test"
                        },
                        "test.log:md5,d41d8cd98f00b204e9800998ecf8427e"
                    ]
                ],
                "versions_tir_learner": [
                    [
                        "TIRLEARNER",
                        "TIR-Learner",
                        "v1.0"
                    ]
                ]
            }
        ],
        "timestamp": "2026-07-29T14:01:31.522186",
        "meta": {
            "nf-test": "0.9.5",
            "nextflow": "26.04.6"
        }
    }
}