{
    "hongyang - bam - fasta - assembly": {
        "content": [
            {
                "0": [
                    [
                        {
                            "id": "test",
                            "ref_id": "genome"
                        },
                        "test.hic:md5,4bcdf548b354e625c81bb23061e365db"
                    ]
                ],
                "1": [
                    [
                        {
                            "id": "genome"
                        },
                        "genome.assembly:md5,48f07547635ccfd80eddc5b9a0d8040f"
                    ]
                ],
                "2": [
                    [
                        {
                            "id": "genome"
                        },
                        "genome.bedpe:md5,a4ec178eaaa2e96b724f927ce9678b5a"
                    ]
                ],
                "3": [
                    [
                        {
                            "id": "genome"
                        },
                        "genome.bed:md5,bc903fc7f717a627853e93ff6c2dfcb3"
                    ]
                ],
                "4": [
                    "versions.yml:md5,3a320184f4775456f3b868ef4f315721",
                    "versions.yml:md5,3d43ea23d3e662d51066c58979db7731",
                    "versions.yml:md5,4711b00bd24130a52a938ff8e4b47175",
                    "versions.yml:md5,8c78cd6cf3c2091662f765ced185c8e9",
                    "versions.yml:md5,ae6033bef2d56e168d019ac38ed69b94",
                    "versions.yml:md5,d774719f806b09fd573710d9c356f726"
                ],
                "assembly": [
                    [
                        {
                            "id": "genome"
                        },
                        "genome.assembly:md5,48f07547635ccfd80eddc5b9a0d8040f"
                    ]
                ],
                "bed": [
                    [
                        {
                            "id": "genome"
                        },
                        "genome.bed:md5,bc903fc7f717a627853e93ff6c2dfcb3"
                    ]
                ],
                "bedpe": [
                    [
                        {
                            "id": "genome"
                        },
                        "genome.bedpe:md5,a4ec178eaaa2e96b724f927ce9678b5a"
                    ]
                ],
                "hic": [
                    [
                        {
                            "id": "test",
                            "ref_id": "genome"
                        },
                        "test.hic:md5,4bcdf548b354e625c81bb23061e365db"
                    ]
                ],
                "versions": [
                    "versions.yml:md5,3a320184f4775456f3b868ef4f315721",
                    "versions.yml:md5,3d43ea23d3e662d51066c58979db7731",
                    "versions.yml:md5,4711b00bd24130a52a938ff8e4b47175",
                    "versions.yml:md5,8c78cd6cf3c2091662f765ced185c8e9",
                    "versions.yml:md5,ae6033bef2d56e168d019ac38ed69b94",
                    "versions.yml:md5,d774719f806b09fd573710d9c356f726"
                ]
            }
        ],
        "meta": {
            "nf-test": "0.9.3",
            "nextflow": "25.04.8"
        },
        "timestamp": "2025-10-21T09:00:24.256808"
    },
    "hongyang - bam - fasta": {
        "content": [
            {
                "0": [
                    [
                        {
                            "id": "test",
                            "ref_id": "genome"
                        },
                        "test.hic:md5,80d6f191efdceb8e7f7bbdcb5c522043"
                    ]
                ],
                "1": [
                    
                ],
                "2": [
                    
                ],
                "3": [
                    
                ],
                "4": [
                    "versions.yml:md5,280e60b94741058316edef181421ce5b",
                    "versions.yml:md5,3a320184f4775456f3b868ef4f315721",
                    "versions.yml:md5,3d43ea23d3e662d51066c58979db7731",
                    "versions.yml:md5,4711b00bd24130a52a938ff8e4b47175",
                    "versions.yml:md5,ae6033bef2d56e168d019ac38ed69b94"
                ],
                "assembly": [
                    
                ],
                "bed": [
                    
                ],
                "bedpe": [
                    
                ],
                "hic": [
                    [
                        {
                            "id": "test",
                            "ref_id": "genome"
                        },
                        "test.hic:md5,80d6f191efdceb8e7f7bbdcb5c522043"
                    ]
                ],
                "versions": [
                    "versions.yml:md5,280e60b94741058316edef181421ce5b",
                    "versions.yml:md5,3a320184f4775456f3b868ef4f315721",
                    "versions.yml:md5,3d43ea23d3e662d51066c58979db7731",
                    "versions.yml:md5,4711b00bd24130a52a938ff8e4b47175",
                    "versions.yml:md5,ae6033bef2d56e168d019ac38ed69b94"
                ]
            }
        ],
        "meta": {
            "nf-test": "0.9.3",
            "nextflow": "25.04.8"
        },
        "timestamp": "2025-10-21T09:00:09.416828"
    }
}