{
    "hongyang - bam - fasta - assembly": {
        "content": [
            {
                "0": [
                    [
                        {
                            "id": "test",
                            "ref_id": "genome"
                        },
                        "test.hic:md5,4bcdf548b354e625c81bb23061e365db"
                    ]
                ],
                "1": [
                    [
                        {
                            "id": "genome"
                        },
                        "genome.assembly:md5,48f07547635ccfd80eddc5b9a0d8040f"
                    ]
                ],
                "2": [
                    [
                        {
                            "id": "genome"
                        },
                        "genome.bedpe:md5,511c63569e96a71cc3c14d13c7198f15"
                    ]
                ],
                "3": [
                    [
                        {
                            "id": "genome"
                        },
                        "genome.bed:md5,ff0dc82bcd1f6e19089f1ab8a1a35a16"
                    ]
                ],
                "4": [
                    "versions.yml:md5,3d43ea23d3e662d51066c58979db7731",
                    "versions.yml:md5,4711b00bd24130a52a938ff8e4b47175",
                    "versions.yml:md5,8c78cd6cf3c2091662f765ced185c8e9",
                    "versions.yml:md5,ae6033bef2d56e168d019ac38ed69b94",
                    "versions.yml:md5,cdb6d83bee1c2f4c6142fa46e523ce8a",
                    "versions.yml:md5,d774719f806b09fd573710d9c356f726"
                ],
                "assembly": [
                    [
                        {
                            "id": "genome"
                        },
                        "genome.assembly:md5,48f07547635ccfd80eddc5b9a0d8040f"
                    ]
                ],
                "bed": [
                    [
                        {
                            "id": "genome"
                        },
                        "genome.bed:md5,ff0dc82bcd1f6e19089f1ab8a1a35a16"
                    ]
                ],
                "bedpe": [
                    [
                        {
                            "id": "genome"
                        },
                        "genome.bedpe:md5,511c63569e96a71cc3c14d13c7198f15"
                    ]
                ],
                "hic": [
                    [
                        {
                            "id": "test",
                            "ref_id": "genome"
                        },
                        "test.hic:md5,4bcdf548b354e625c81bb23061e365db"
                    ]
                ],
                "versions": [
                    "versions.yml:md5,3d43ea23d3e662d51066c58979db7731",
                    "versions.yml:md5,4711b00bd24130a52a938ff8e4b47175",
                    "versions.yml:md5,8c78cd6cf3c2091662f765ced185c8e9",
                    "versions.yml:md5,ae6033bef2d56e168d019ac38ed69b94",
                    "versions.yml:md5,cdb6d83bee1c2f4c6142fa46e523ce8a",
                    "versions.yml:md5,d774719f806b09fd573710d9c356f726"
                ]
            }
        ],
        "meta": {
            "nf-test": "0.9.2",
            "nextflow": "25.04.6"
        },
        "timestamp": "2025-07-21T16:42:49.981416"
    },
    "hongyang - bam - fasta": {
        "content": [
            {
                "0": [
                    [
                        {
                            "id": "test",
                            "ref_id": "genome"
                        },
                        "test.hic:md5,80d6f191efdceb8e7f7bbdcb5c522043"
                    ]
                ],
                "1": [
                    
                ],
                "2": [
                    
                ],
                "3": [
                    
                ],
                "4": [
                    "versions.yml:md5,280e60b94741058316edef181421ce5b",
                    "versions.yml:md5,3d43ea23d3e662d51066c58979db7731",
                    "versions.yml:md5,4711b00bd24130a52a938ff8e4b47175",
                    "versions.yml:md5,ae6033bef2d56e168d019ac38ed69b94",
                    "versions.yml:md5,cdb6d83bee1c2f4c6142fa46e523ce8a"
                ],
                "assembly": [
                    
                ],
                "bed": [
                    
                ],
                "bedpe": [
                    
                ],
                "hic": [
                    [
                        {
                            "id": "test",
                            "ref_id": "genome"
                        },
                        "test.hic:md5,80d6f191efdceb8e7f7bbdcb5c522043"
                    ]
                ],
                "versions": [
                    "versions.yml:md5,280e60b94741058316edef181421ce5b",
                    "versions.yml:md5,3d43ea23d3e662d51066c58979db7731",
                    "versions.yml:md5,4711b00bd24130a52a938ff8e4b47175",
                    "versions.yml:md5,ae6033bef2d56e168d019ac38ed69b94",
                    "versions.yml:md5,cdb6d83bee1c2f4c6142fa46e523ce8a"
                ]
            }
        ],
        "meta": {
            "nf-test": "0.9.2",
            "nextflow": "25.04.6"
        },
        "timestamp": "2025-07-21T16:36:10.137402"
    }
}