{
    "hongyang - hic - bam - filter - stub": {
        "content": [
            {
                "0": [
                    [
                        {
                            "id": "test"
                        },
                        "test.links.txt:md5,d41d8cd98f00b204e9800998ecf8427e"
                    ]
                ],
                "1": [
                    "versions.yml:md5,5cf7bab6f5f6657676b5023985d9e9f7"
                ],
                "links_txt": [
                    [
                        {
                            "id": "test"
                        },
                        "test.links.txt:md5,d41d8cd98f00b204e9800998ecf8427e"
                    ]
                ],
                "versions_matlock": [
                    "versions.yml:md5,5cf7bab6f5f6657676b5023985d9e9f7"
                ]
            }
        ],
        "timestamp": "2026-07-29T08:49:02.176631",
        "meta": {
            "nf-test": "0.9.5",
            "nextflow": "26.04.6"
        }
    },
    "hongyang - hic - bam - filter": {
        "content": [
            {
                "0": [
                    [
                        {
                            "id": "test"
                        },
                        "test.links.txt:md5,567eac1531683649c20d6ed2ef3fa711"
                    ]
                ],
                "1": [
                    "versions.yml:md5,5cf7bab6f5f6657676b5023985d9e9f7"
                ],
                "links_txt": [
                    [
                        {
                            "id": "test"
                        },
                        "test.links.txt:md5,567eac1531683649c20d6ed2ef3fa711"
                    ]
                ],
                "versions_matlock": [
                    "versions.yml:md5,5cf7bab6f5f6657676b5023985d9e9f7"
                ]
            }
        ],
        "timestamp": "2026-07-29T08:48:47.598107",
        "meta": {
            "nf-test": "0.9.5",
            "nextflow": "26.04.6"
        }
    },
    "hongyang - hic - bam - stub": {
        "content": [
            {
                "0": [
                    [
                        {
                            "id": "test"
                        },
                        "test.links.txt:md5,d41d8cd98f00b204e9800998ecf8427e"
                    ]
                ],
                "1": [
                    "versions.yml:md5,5cf7bab6f5f6657676b5023985d9e9f7"
                ],
                "links_txt": [
                    [
                        {
                            "id": "test"
                        },
                        "test.links.txt:md5,d41d8cd98f00b204e9800998ecf8427e"
                    ]
                ],
                "versions_matlock": [
                    "versions.yml:md5,5cf7bab6f5f6657676b5023985d9e9f7"
                ]
            }
        ],
        "timestamp": "2026-07-29T08:48:54.917102",
        "meta": {
            "nf-test": "0.9.5",
            "nextflow": "26.04.6"
        }
    }
}