{
    "sarscov2 - gff - fasta - stub": {
        "content": [
            {
                "0": [
                    [
                        {
                            "id": "test"
                        },
                        "test.emapper.annotations:md5,d41d8cd98f00b204e9800998ecf8427e"
                    ]
                ],
                "1": [
                    [
                        {
                            "id": "test"
                        },
                        "test.emapper.seed_orthologs:md5,d41d8cd98f00b204e9800998ecf8427e"
                    ]
                ],
                "2": [
                    [
                        {
                            "id": "test"
                        },
                        "test.emapper.hits:md5,d41d8cd98f00b204e9800998ecf8427e"
                    ]
                ],
                "3": [
                    [
                        {
                            "id": "test"
                        },
                        "test.gt.gff3:md5,d41d8cd98f00b204e9800998ecf8427e"
                    ]
                ],
                "eggnogmapper_annotations": [
                    [
                        {
                            "id": "test"
                        },
                        "test.emapper.annotations:md5,d41d8cd98f00b204e9800998ecf8427e"
                    ]
                ],
                "eggnogmapper_hits": [
                    [
                        {
                            "id": "test"
                        },
                        "test.emapper.hits:md5,d41d8cd98f00b204e9800998ecf8427e"
                    ]
                ],
                "eggnogmapper_orthologs": [
                    [
                        {
                            "id": "test"
                        },
                        "test.emapper.seed_orthologs:md5,d41d8cd98f00b204e9800998ecf8427e"
                    ]
                ],
                "final_gff": [
                    [
                        {
                            "id": "test"
                        },
                        "test.gt.gff3:md5,d41d8cd98f00b204e9800998ecf8427e"
                    ]
                ]
            }
        ],
        "timestamp": "2026-07-29T11:05:32.938471",
        "meta": {
            "nf-test": "0.9.5",
            "nextflow": "26.04.6"
        }
    }
}