{
    "sarscov2 - gff - fasta - stub": {
        "content": [
            {
                "0": [
                    [
                        {
                            "id": "test"
                        },
                        "test.emapper.annotations:md5,d41d8cd98f00b204e9800998ecf8427e"
                    ]
                ],
                "1": [
                    [
                        {
                            "id": "test"
                        },
                        "test.emapper.seed_orthologs:md5,d41d8cd98f00b204e9800998ecf8427e"
                    ]
                ],
                "2": [
                    [
                        {
                            "id": "test"
                        },
                        "test.emapper.hits:md5,d41d8cd98f00b204e9800998ecf8427e"
                    ]
                ],
                "3": [
                    [
                        {
                            "id": "test"
                        },
                        "test.gt.gff3:md5,d41d8cd98f00b204e9800998ecf8427e"
                    ]
                ],
                "4": [
                    "versions.yml:md5,1df2276825d8a83566e08976ff34ca52",
                    "versions.yml:md5,8685f0bc16b521da445a5334d02898f4",
                    "versions.yml:md5,dec71213a8a45168d9909495d5eba2bb",
                    "versions.yml:md5,f39180ef2cbf81d45774fc33f9d88a65"
                ],
                "eggnogmapper_annotations": [
                    [
                        {
                            "id": "test"
                        },
                        "test.emapper.annotations:md5,d41d8cd98f00b204e9800998ecf8427e"
                    ]
                ],
                "eggnogmapper_hits": [
                    [
                        {
                            "id": "test"
                        },
                        "test.emapper.hits:md5,d41d8cd98f00b204e9800998ecf8427e"
                    ]
                ],
                "eggnogmapper_orthologs": [
                    [
                        {
                            "id": "test"
                        },
                        "test.emapper.seed_orthologs:md5,d41d8cd98f00b204e9800998ecf8427e"
                    ]
                ],
                "final_gff": [
                    [
                        {
                            "id": "test"
                        },
                        "test.gt.gff3:md5,d41d8cd98f00b204e9800998ecf8427e"
                    ]
                ],
                "versions": [
                    "versions.yml:md5,1df2276825d8a83566e08976ff34ca52",
                    "versions.yml:md5,8685f0bc16b521da445a5334d02898f4",
                    "versions.yml:md5,dec71213a8a45168d9909495d5eba2bb",
                    "versions.yml:md5,f39180ef2cbf81d45774fc33f9d88a65"
                ]
            }
        ],
        "meta": {
            "nf-test": "0.9.2",
            "nextflow": "24.10.4"
        },
        "timestamp": "2025-01-28T12:26:02.257931"
    }
}