{
    "hongyang - hic - stub": {
        "content": [
            {
                "0": [
                    [
                        {
                            "id": "test",
                            "single_end": false
                        },
                        "test.hic:md5,d41d8cd98f00b204e9800998ecf8427e"
                    ]
                ],
                "1": [
                    [
                        "JUICERTOOLS_PRE",
                        "juicertools",
                        " 2.20.00"
                    ]
                ],
                "hic": [
                    [
                        {
                            "id": "test",
                            "single_end": false
                        },
                        "test.hic:md5,d41d8cd98f00b204e9800998ecf8427e"
                    ]
                ],
                "versions_juicertools": [
                    [
                        "JUICERTOOLS_PRE",
                        "juicertools",
                        " 2.20.00"
                    ]
                ]
            }
        ],
        "timestamp": "2026-07-29T08:42:51.769479",
        "meta": {
            "nf-test": "0.9.5",
            "nextflow": "26.04.6"
        }
    },
    "hongyang - hic - mode - assembly - stub": {
        "content": [
            {
                "0": [
                    [
                        {
                            "id": "test",
                            "single_end": false
                        },
                        "test.hic:md5,d41d8cd98f00b204e9800998ecf8427e"
                    ]
                ],
                "1": [
                    [
                        "JUICERTOOLS_PRE",
                        "juicertools",
                        " 2.20.00"
                    ]
                ],
                "hic": [
                    [
                        {
                            "id": "test",
                            "single_end": false
                        },
                        "test.hic:md5,d41d8cd98f00b204e9800998ecf8427e"
                    ]
                ],
                "versions_juicertools": [
                    [
                        "JUICERTOOLS_PRE",
                        "juicertools",
                        " 2.20.00"
                    ]
                ]
            }
        ],
        "timestamp": "2026-07-29T08:42:38.325022",
        "meta": {
            "nf-test": "0.9.5",
            "nextflow": "26.04.6"
        }
    },
    "hongyang - hic": {
        "content": [
            {
                "0": [
                    [
                        {
                            "id": "test",
                            "single_end": false
                        },
                        "test.hic:md5,5ce7a683ccbba1556fb825cd87163dee"
                    ]
                ],
                "1": [
                    [
                        "JUICERTOOLS_PRE",
                        "juicertools",
                        " 2.20.00"
                    ]
                ],
                "hic": [
                    [
                        {
                            "id": "test",
                            "single_end": false
                        },
                        "test.hic:md5,5ce7a683ccbba1556fb825cd87163dee"
                    ]
                ],
                "versions_juicertools": [
                    [
                        "JUICERTOOLS_PRE",
                        "juicertools",
                        " 2.20.00"
                    ]
                ]
            }
        ],
        "timestamp": "2026-07-29T08:42:26.055538",
        "meta": {
            "nf-test": "0.9.5",
            "nextflow": "26.04.6"
        }
    }
}