{
    "homo_sapiens - genome - gtf - stub": {
        "content": [
            {
                "0": [
                    [
                        {
                            "id": "test",
                            "single_end": false
                        },
                        "test.gff:md5,d41d8cd98f00b204e9800998ecf8427e"
                    ]
                ],
                "1": [
                    "versions.yml:md5,b2765a6bc10652f833965c022b025370"
                ],
                "gff": [
                    [
                        {
                            "id": "test",
                            "single_end": false
                        },
                        "test.gff:md5,d41d8cd98f00b204e9800998ecf8427e"
                    ]
                ],
                "versions": [
                    "versions.yml:md5,b2765a6bc10652f833965c022b025370"
                ]
            }
        ],
        "meta": {
            "nf-test": "0.9.0",
            "nextflow": "24.04.4"
        },
        "timestamp": "2024-11-10T10:10:03.150607"
    },
    "homo_sapiens - genome - gtf": {
        "content": [
            {
                "0": [
                    [
                        {
                            "id": "test",
                            "single_end": false
                        },
                        "test.gff:md5,a798830c6ad0a27b1564b98e1a1fc3aa"
                    ]
                ],
                "1": [
                    "versions.yml:md5,b2765a6bc10652f833965c022b025370"
                ],
                "gff": [
                    [
                        {
                            "id": "test",
                            "single_end": false
                        },
                        "test.gff:md5,a798830c6ad0a27b1564b98e1a1fc3aa"
                    ]
                ],
                "versions": [
                    "versions.yml:md5,b2765a6bc10652f833965c022b025370"
                ]
            }
        ],
        "meta": {
            "nf-test": "0.9.0",
            "nextflow": "24.04.4"
        },
        "timestamp": "2024-11-10T10:09:58.155568"
    }
}