{
    "homo_sapiens - genome - gtf - stub": {
        "content": [
            {
                "0": [
                    [
                        {
                            "id": "test",
                            "single_end": false
                        },
                        "test.gff:md5,d41d8cd98f00b204e9800998ecf8427e"
                    ]
                ],
                "1": [
                    "versions.yml:md5,be9ac7b0fc44e4396eb10fabf651e381"
                ],
                "gff": [
                    [
                        {
                            "id": "test",
                            "single_end": false
                        },
                        "test.gff:md5,d41d8cd98f00b204e9800998ecf8427e"
                    ]
                ],
                "versions": [
                    "versions.yml:md5,be9ac7b0fc44e4396eb10fabf651e381"
                ]
            }
        ],
        "meta": {
            "nf-test": "0.9.3",
            "nextflow": "25.04.8"
        },
        "timestamp": "2025-10-20T08:44:58.996801"
    },
    "homo_sapiens - genome - gtf": {
        "content": [
            {
                "0": [
                    [
                        {
                            "id": "test",
                            "single_end": false
                        },
                        "test.gff:md5,a798830c6ad0a27b1564b98e1a1fc3aa"
                    ]
                ],
                "1": [
                    "versions.yml:md5,be9ac7b0fc44e4396eb10fabf651e381"
                ],
                "gff": [
                    [
                        {
                            "id": "test",
                            "single_end": false
                        },
                        "test.gff:md5,a798830c6ad0a27b1564b98e1a1fc3aa"
                    ]
                ],
                "versions": [
                    "versions.yml:md5,be9ac7b0fc44e4396eb10fabf651e381"
                ]
            }
        ],
        "meta": {
            "nf-test": "0.9.3",
            "nextflow": "25.04.8"
        },
        "timestamp": "2025-10-20T08:44:52.62341"
    }
}