{
    "hongyang - bam - fasta - assembly": {
        "content": [
            {
                "0": [
                    [
                        {
                            "id": "test",
                            "ref_id": "genome"
                        },
                        "test.zoomify.hic:md5,1f86e06d96dcc9447c46f24d26a75240"
                    ]
                ],
                "1": [
                    [
                        {
                            "id": "test",
                            "ref_id": "genome"
                        },
                        "test.scale:md5,b026324c6904b2a9cb4b88d6d61c81d1"
                    ]
                ],
                "2": [
                    [
                        {
                            "id": "test",
                            "ref_id": "genome"
                        },
                        "test.assembly:md5,72dfdabd22760a91b81ed4241807a0e7"
                    ]
                ],
                "3": [
                    [
                        {
                            "id": "test",
                            "ref_id": "genome"
                        },
                        "test.bedpe:md5,a4ec178eaaa2e96b724f927ce9678b5a"
                    ]
                ],
                "4": [
                    [
                        {
                            "id": "test",
                            "ref_id": "genome"
                        },
                        "test.bed:md5,bc903fc7f717a627853e93ff6c2dfcb3"
                    ]
                ],
                "5": [
                    "versions.yml:md5,30dca07135ea1be722982fd223de2599",
                    "versions.yml:md5,4f0d0893fdc40f473fbf9dd1a6581a97",
                    "versions.yml:md5,7a2f7ac3fbf153b5b092f109093d568b",
                    "versions.yml:md5,843bdb19bb0e0f7ab0e9445463162d9b",
                    "versions.yml:md5,8cf024f69f36fa4269d30321e9da5be6",
                    "versions.yml:md5,d77c2f45baca90735e7eae7c3ee5bfe6",
                    "versions.yml:md5,ed972988c07090a7497d4d154e833fd0"
                ],
                "assembly": [
                    [
                        {
                            "id": "test",
                            "ref_id": "genome"
                        },
                        "test.assembly:md5,72dfdabd22760a91b81ed4241807a0e7"
                    ]
                ],
                "bed": [
                    [
                        {
                            "id": "test",
                            "ref_id": "genome"
                        },
                        "test.bed:md5,bc903fc7f717a627853e93ff6c2dfcb3"
                    ]
                ],
                "bedpe": [
                    [
                        {
                            "id": "test",
                            "ref_id": "genome"
                        },
                        "test.bedpe:md5,a4ec178eaaa2e96b724f927ce9678b5a"
                    ]
                ],
                "hic": [
                    [
                        {
                            "id": "test",
                            "ref_id": "genome"
                        },
                        "test.zoomify.hic:md5,1f86e06d96dcc9447c46f24d26a75240"
                    ]
                ],
                "scale": [
                    [
                        {
                            "id": "test",
                            "ref_id": "genome"
                        },
                        "test.scale:md5,b026324c6904b2a9cb4b88d6d61c81d1"
                    ]
                ],
                "versions": [
                    "versions.yml:md5,30dca07135ea1be722982fd223de2599",
                    "versions.yml:md5,4f0d0893fdc40f473fbf9dd1a6581a97",
                    "versions.yml:md5,7a2f7ac3fbf153b5b092f109093d568b",
                    "versions.yml:md5,843bdb19bb0e0f7ab0e9445463162d9b",
                    "versions.yml:md5,8cf024f69f36fa4269d30321e9da5be6",
                    "versions.yml:md5,d77c2f45baca90735e7eae7c3ee5bfe6",
                    "versions.yml:md5,ed972988c07090a7497d4d154e833fd0"
                ]
            }
        ],
        "meta": {
            "nf-test": "0.9.3",
            "nextflow": "25.04.8"
        },
        "timestamp": "2025-10-21T08:57:25.842189"
    },
    "hongyang - bam - fasta": {
        "content": [
            {
                "0": [
                    [
                        {
                            "id": "test",
                            "ref_id": "genome"
                        },
                        "test.zoomify.hic:md5,fdf3100373d6683fcdd2ea95a9ba18cc"
                    ]
                ],
                "1": [
                    
                ],
                "2": [
                    
                ],
                "3": [
                    
                ],
                "4": [
                    
                ],
                "5": [
                    "versions.yml:md5,30dca07135ea1be722982fd223de2599",
                    "versions.yml:md5,7a2f7ac3fbf153b5b092f109093d568b",
                    "versions.yml:md5,843bdb19bb0e0f7ab0e9445463162d9b",
                    "versions.yml:md5,8cf024f69f36fa4269d30321e9da5be6",
                    "versions.yml:md5,d77c2f45baca90735e7eae7c3ee5bfe6",
                    "versions.yml:md5,ed972988c07090a7497d4d154e833fd0"
                ],
                "assembly": [
                    
                ],
                "bed": [
                    
                ],
                "bedpe": [
                    
                ],
                "hic": [
                    [
                        {
                            "id": "test",
                            "ref_id": "genome"
                        },
                        "test.zoomify.hic:md5,fdf3100373d6683fcdd2ea95a9ba18cc"
                    ]
                ],
                "scale": [
                    
                ],
                "versions": [
                    "versions.yml:md5,30dca07135ea1be722982fd223de2599",
                    "versions.yml:md5,7a2f7ac3fbf153b5b092f109093d568b",
                    "versions.yml:md5,843bdb19bb0e0f7ab0e9445463162d9b",
                    "versions.yml:md5,8cf024f69f36fa4269d30321e9da5be6",
                    "versions.yml:md5,d77c2f45baca90735e7eae7c3ee5bfe6",
                    "versions.yml:md5,ed972988c07090a7497d4d154e833fd0"
                ]
            }
        ],
        "meta": {
            "nf-test": "0.9.3",
            "nextflow": "25.04.8"
        },
        "timestamp": "2025-10-21T08:57:12.171627"
    }
}