{
    "versions": {
        "content": [
            [
                "versions.yml:md5,f9e6b414c1eb81520a9fdbb15f797405"
            ]
        ],
        "meta": {
            "nf-test": "0.8.4",
            "nextflow": "23.10.1"
        },
        "timestamp": "2024-05-10T14:43:10.298103"
    },
    "stub": {
        "content": [
            {
                "0": [
                    [
                        {
                            "id": "test"
                        },
                        "test.log:md5,d41d8cd98f00b204e9800998ecf8427e"
                    ]
                ],
                "1": [
                    [
                        {
                            "id": "test"
                        },
                        "test.EDTA.TElib.fa:md5,d41d8cd98f00b204e9800998ecf8427e"
                    ]
                ],
                "2": [
                    
                ],
                "3": [
                    
                ],
                "4": [
                    
                ],
                "5": [
                    "versions.yml:md5,f9e6b414c1eb81520a9fdbb15f797405"
                ],
                "log": [
                    [
                        {
                            "id": "test"
                        },
                        "test.log:md5,d41d8cd98f00b204e9800998ecf8427e"
                    ]
                ],
                "out_file": [
                    
                ],
                "pass_list": [
                    
                ],
                "te_anno_gff3": [
                    
                ],
                "te_lib_fasta": [
                    [
                        {
                            "id": "test"
                        },
                        "test.EDTA.TElib.fa:md5,d41d8cd98f00b204e9800998ecf8427e"
                    ]
                ],
                "versions": [
                    "versions.yml:md5,f9e6b414c1eb81520a9fdbb15f797405"
                ]
            }
        ],
        "meta": {
            "nf-test": "0.8.4",
            "nextflow": "23.10.1"
        },
        "timestamp": "2024-05-10T14:43:16.561778"
    }
}